#
# A fatal error has been detected by the Java Runtime Environment:
#
#  EXCEPTION_ACCESS_VIOLATION (0xc0000005) at pc=0x00007ffb0f6eb864, pid=11328, tid=23524
#
# JRE version: Java(TM) SE Runtime Environment (25.0.1+8) (build 25.0.1+8-LTS-27)
# Java VM: Java HotSpot(TM) 64-Bit Server VM (25.0.1+8-LTS-27, mixed mode, sharing, tiered, compressed oops, compressed class ptrs, parallel gc, windows-amd64)
# Problematic frame:
# V  [jvm.dll+0x45b864]
#
# No core dump will be written. Minidumps are not enabled by default on client versions of Windows
#
# If you would like to submit a bug report, please visit:
#   https://bugreport.java.com/bugreport/crash.jsp
#

---------------  S U M M A R Y ------------

Command Line: -Djdk.xml.maxGeneralEntitySizeLimit=0 -Djdk.xml.totalEntitySizeLimit=0 --add-modules=ALL-SYSTEM --add-opens=java.base/java.util=ALL-UNNAMED --add-opens=java.base/java.lang=ALL-UNNAMED --add-opens=java.base/sun.nio.fs=ALL-UNNAMED -Declipse.application=org.eclipse.jdt.ls.core.id1 -Dosgi.bundles.defaultStartLevel=4 -Declipse.product=org.eclipse.jdt.ls.core.product -Djava.import.generatesMetadataFilesAtProjectRoot=false -DDetectVMInstallationsJob.disabled=true -Dfile.encoding=utf8 -XX:+UseParallelGC -XX:GCTimeRatio=4 -XX:AdaptiveSizePolicyWeight=90 -Dsun.zip.disableMemoryMapping=true -Xmx2G -Xms100m -Xlog:disable -javaagent:c:\Users\P R E D A T O R\.vscode\extensions\redhat.java-1.50.2025112208\lombok\lombok-1.18.39-4050.jar -XX:+HeapDumpOnOutOfMemoryError -XX:HeapDumpPath=c:\Users\P R E D A T O R\AppData\Roaming\Code\User\workspaceStorage\0c5856a25b6d5f104dff6b8f1a625425\redhat.java -Daether.dependencyCollector.impl=bf -XX:+UnlockDiagnosticVMOptions -XX:+AllowArchivingWithJavaAgent -XX:+AutoCreateSharedArchive -XX:SharedArchiveFile=c:\Users\P R E D A T O R\AppData\Roaming\Code\User\globalStorage\redhat.java\1.50.2025112208\jdtls.jsa c:\Users\P R E D A T O R\.vscode\extensions\redhat.java-1.50.2025112208\server\plugins\org.eclipse.equinox.launcher_1.7.100.v20251111-0406.jar -configuration c:\Users\P R E D A T O R\AppData\Roaming\Code\User\globalStorage\redhat.java\1.50.2025112208\config_win -data c:\Users\P R E D A T O R\AppData\Roaming\Code\User\workspaceStorage\0c5856a25b6d5f104dff6b8f1a625425\redhat.java\jdt_ws --pipe=\\.\pipe\lsp-0358304fbdabcd87838d71138ce68613-sock

Host: Intel(R) Core(TM) i5-10300H CPU @ 2.50GHz, 8 cores, 31G,  Windows 11 , 64 bit Build 22621 (10.0.22621.5415)
Time: Tue Nov 25 13:00:28 2025 Taipei Standard Time elapsed time: 697.812135 seconds (0d 0h 11m 37s)

---------------  T H R E A D  ---------------

Current thread (0x000002696a5c8fb0):  VMThread "VM Thread"          [id=23524, stack(0x000000f76e900000,0x000000f76ea00000) (1024K)]

Stack: [0x000000f76e900000,0x000000f76ea00000],  sp=0x000000f76e9ff4e0,  free space=1021k
Native frames: (J=compiled Java code, j=interpreted, Vv=VM code, C=native code)
V  [jvm.dll+0x45b864]  (no source info available)
V  [jvm.dll+0x45b8af]  (no source info available)
V  [jvm.dll+0x45b88e]  (no source info available)
V  [jvm.dll+0x461316]  (no source info available)
V  [jvm.dll+0x38668a]  (no source info available)
V  [jvm.dll+0x3855c6]  (no source info available)
V  [jvm.dll+0x385a03]  (no source info available)
V  [jvm.dll+0x96f091]  (no source info available)
V  [jvm.dll+0x9703ad]  (no source info available)
V  [jvm.dll+0x970929]  (no source info available)
V  [jvm.dll+0x970bd3]  (no source info available)
V  [jvm.dll+0x906a0d]  (no source info available)
V  [jvm.dll+0x7a5135]  (no source info available)
C  [ucrtbase.dll+0x29333]  (no source info available)
C  [KERNEL32.DLL+0x1259d]  (no source info available)
C  [ntdll.dll+0x5af78]  (no source info available)


siginfo: EXCEPTION_ACCESS_VIOLATION (0xc0000005), reading address 0x00000000000000e0


Registers:
RAX=0x000000000c183901, RBX=0x0000000000000000, RCX=0x0000000000000000, RDX=0x000002696a240000
RSP=0x000000f76e9ff4e0, RBP=0x000000f76e9ff5f0, RSI=0x0000000000000001, RDI=0x0000026924c9d720
R8 =0x000002696a186000, R9 =0x0000000000000001, R10=0x0000000000000003, R11=0x000000f76e9ff4a0
R12=0x00007ffb0fd5dbd0, R13=0x00007ffb0fd6acb8, R14=0x0000026922a7c5e0, R15=0x00007ffb0fd5daf8
RIP=0x00007ffb0f6eb864, EFLAGS=0x0000000000010287

XMM[0]=0x0000000000000000 0x0000000000000000
XMM[1]=0x0000026922a78328 0x0000026922a782d0
XMM[2]=0x000000000c190f88 0x000000000c190f30
XMM[3]=0x000000000c1910e8 0x000000000c191090
XMM[4]=0x000000000c191248 0x000000000c1911f0
XMM[5]=0x0000026922a78538 0x0000026922a78380
XMM[6]=0x0000000000000000 0x0000000000000000
XMM[7]=0x0000000000000000 0x0000000000000000
XMM[8]=0x0000000000000000 0x404e000000000000
XMM[9]=0x0000000000000000 0x0000000000000000
XMM[10]=0x0000000000000000 0x0000000000000000
XMM[11]=0x0000000000000000 0x0000000000000000
XMM[12]=0x0000000000000000 0x0000000000000000
XMM[13]=0x0000000000000000 0x0000000000000000
XMM[14]=0x0000000000000000 0x0000000000000000
XMM[15]=0x0000000000000000 0x0000000000000000
  MXCSR=0x00001fa0


Register to memory mapping:

RAX=0x000000000c183901 is pointing into metadata
RBX=0x0 is null
RCX=0x0 is null
RDX=0x000002696a240000 points into unknown readable memory: 0x0000000000000000 | 00 00 00 00 00 00 00 00
RSP=0x000000f76e9ff4e0 points into unknown readable memory: 0x000000f76e9ff5f0 | f0 f5 9f 6e f7 00 00 00
RBP=0x000000f76e9ff5f0 points into unknown readable memory: 0x00007ffb0fd6acc8 | c8 ac d6 0f fb 7f 00 00
RSI=0x0000000000000001 is an unknown value
RDI=0x0000026924c9d720 points into unknown readable memory: 0x0000000000000000 | 00 00 00 00 00 00 00 00
R8 =0x000002696a186000 points into unknown readable memory: 0x000002696a180de0 | e0 0d 18 6a 69 02 00 00
R9 =0x0000000000000001 is an unknown value
R10=0x0000000000000003 is an unknown value
R11=0x000000f76e9ff4a0 points into unknown readable memory: 0x00007ffb0fd5daf8 | f8 da d5 0f fb 7f 00 00
R12=0x00007ffb0fd5dbd0 jvm.dll
R13=0x00007ffb0fd6acb8 jvm.dll
R14=0x0000026922a7c5e0 points into unknown readable memory: 0x000000000c010080 | 80 00 01 0c 00 00 00 00
R15=0x00007ffb0fd5daf8 jvm.dll

Top of Stack: (sp=0x000000f76e9ff4e0)
0x000000f76e9ff4e0:   000000f76e9ff5f0 0000000000000000   ...n............
0x000000f76e9ff4f0:   0000000000000000 0000000000000028   ........(.......
0x000000f76e9ff500:   0000026924c9d720 00007ffb0f6eb8af    ..$i.....n.....
0x000000f76e9ff510:   0000000000000000 0000000000000001   ................
0x000000f76e9ff520:   0000000000000000 00007ffb0f8f6c36   ........6l......
0x000000f76e9ff530:   0000026922a7c770 00007ffb0f6eb88e   p.."i.....n.....
0x000000f76e9ff540:   0000026922a7c5e0 00007ffb0fd83fe0   ..."i....?......
0x000000f76e9ff550:   0000026922a7c5e0 000002696a5ceb58   ..."i...X.\ji...
0x000000f76e9ff560:   0000026922a7c770 00007ffb0f6f1316   p.."i.....o.....
0x000000f76e9ff570:   0000000000000000 00007ffb0fd83fe0   .........?......
0x000000f76e9ff580:   0000026922a7c5e0 000000f76e9ff5f0   ..."i......n....
0x000000f76e9ff590:   0000000000004e58 0000000000000000   XN..............
0x000000f76e9ff5a0:   00000000000009cb 000000f76e6fe770   ........p.on....
0x000000f76e9ff5b0:   0000026922a7c5e0 00007ffb0f61668a   ..."i....fa.....
0x000000f76e9ff5c0:   0000000000000048 000002696a5ceb58   H.......X.\ji...
0x000000f76e9ff5d0:   0000000000000000 0000000000469c82   ..........F.....
0x000000f76e9ff5e0:   0000026922a756a8 00000019000001d8   .V."i...........
0x000000f76e9ff5f0:   00007ffb0fd6acc8 0000000000000000   ................
0x000000f76e9ff600:   0000000000000000 0000000000000000   ................
0x000000f76e9ff610:   00000000000003d8 0000000000000000   ................
0x000000f76e9ff620:   000000000d340678 000000f76e6fe770   x.4.....p.on....
0x000000f76e9ff630:   0000000000013f00 00007ffb0fd27360   .?......`s......
0x000000f76e9ff640:   00000000000027e0 00007ffb0f6155c6   .'.......Ua.....
0x000000f76e9ff650:   00007ffb000009cb 0000000000004e58   ........XN......
0x000000f76e9ff660:   000002696a5ceb58 00007ffb10008ce8   X.\ji...........
0x000000f76e9ff670:   0000000000000000 0000000000000000   ................
0x000000f76e9ff680:   00000000000000b6 0000000000000000   ................
0x000000f76e9ff690:   0000000000000000 0000000000000000   ................
0x000000f76e9ff6a0:   000000f76e9ff220 0000000000000002    ..n............
0x000000f76e9ff6b0:   000000e345dc2f40 00007ffbc35856d3   @/.E.....VX.....
0x000000f76e9ff6c0:   00007ffb0fd62c40 00007ffb0fc7cccc   @,..............
0x000000f76e9ff6d0:   0000000000000100 00007ffb0fc0d563   ........c.......

Instructions: (pc=0x00007ffb0f6eb864)
  0x00007ffb0f6eb764:   7e 20 74 0c 4d 89 66 18 4d 89 7e 20 4d 89 6e 28
  0x00007ffb0f6eb774:   4c 8b b4 24 08 01 00 00 4c 8b ac 24 10 01 00 00
  0x00007ffb0f6eb784:   4c 8b a4 24 18 01 00 00 4c 8b bc 24 00 01 00 00
  0x00007ffb0f6eb794:   48 83 7c 24 40 00 74 55 48 8b 9f b0 06 00 00 48
  0x00007ffb0f6eb7a4:   8d 44 24 58 33 c9 48 89 45 a8 48 8d 45 99 48 89
  0x00007ffb0f6eb7b4:   4d c8 89 4d b8 4c 8d 44 24 50 88 4d c0 48 8d 54
  0x00007ffb0f6eb7c4:   24 40 4c 8b cf 48 89 45 b0 48 8d 4c 24 30 48 89
  0x00007ffb0f6eb7d4:   b7 b0 06 00 00 c7 45 bc 08 00 00 00 c6 44 24 30
  0x00007ffb0f6eb7e4:   0e e8 66 f8 01 00 48 89 9f b0 06 00 00 48 8d 4c
  0x00007ffb0f6eb7f4:   24 40 e8 05 eb fd ff 48 8b 9c 24 50 01 00 00 48
  0x00007ffb0f6eb804:   8b 4d f0 48 33 cc e8 c1 c5 58 00 48 81 c4 20 01
  0x00007ffb0f6eb814:   00 00 5f 5e 5d c3 cc cc cc cc cc cc 0f b7 41 0e
  0x00007ffb0f6eb824:   66 c1 e8 09 a8 01 74 03 32 c0 c3 e9 6c 9b 20 00
  0x00007ffb0f6eb834:   cc cc cc cc cc cc cc cc cc cc cc cc 48 89 5c 24
  0x00007ffb0f6eb844:   08 48 89 74 24 10 57 48 83 ec 20 48 3b 0d 6a ed
  0x00007ffb0f6eb854:   8d 00 48 8b d9 73 09 48 3b 0d 56 ed 8d 00 73 5b
=>0x00007ffb0f6eb864:   48 8b 81 e0 00 00 00 66 83 78 30 32 72 5f 48 8b
  0x00007ffb0f6eb874:   01 ff 50 78 48 85 c0 74 15 48 8b 03 48 8b cb ff
  0x00007ffb0f6eb884:   50 78 48 8b c8 e8 b2 ff ff ff 84 c0 74 3f 48 8b
  0x00007ffb0f6eb894:   bb a0 01 00 00 48 63 37 48 85 f6 7e 1e 33 db 48
  0x00007ffb0f6eb8a4:   83 c7 08 48 8b 0f e8 91 ff ff ff 84 c0 74 1e 48
  0x00007ffb0f6eb8b4:   ff c3 48 83 c7 08 48 3b de 7c e8 b0 01 48 8b 5c
  0x00007ffb0f6eb8c4:   24 30 48 8b 74 24 38 48 83 c4 20 5f c3 48 8b 5c
  0x00007ffb0f6eb8d4:   24 30 32 c0 48 8b 74 24 38 48 83 c4 20 5f c3 cc
  0x00007ffb0f6eb8e4:   cc cc cc cc cc cc cc cc cc cc cc cc 4c 89 44 24
  0x00007ffb0f6eb8f4:   18 53 56 57 48 83 ec 70 48 3b 15 0d 53 8e 00 49
  0x00007ffb0f6eb904:   8b f0 48 8b fa 48 8b d9 0f 84 88 02 00 00 48 8b
  0x00007ffb0f6eb914:   4a 08 48 85 c9 0f 84 7b 02 00 00 ff 15 fb e6 87
  0x00007ffb0f6eb924:   00 48 85 c0 0f 84 6c 02 00 00 48 8b cf e8 2a b9
  0x00007ffb0f6eb934:   e3 ff 84 c0 0f 85 5c 02 00 00 48 85 db 0f 84 53
  0x00007ffb0f6eb944:   02 00 00 66 83 7b 04 05 0f 82 48 02 00 00 48 8b
  0x00007ffb0f6eb954:   b6 a8 03 00 00 48 8b cb 0f b6 43 0a 0a 43 09 0a


Stack slot to memory mapping:

stack at sp + 0 slots: 0x000000f76e9ff5f0 points into unknown readable memory: 0x00007ffb0fd6acc8 | c8 ac d6 0f fb 7f 00 00
stack at sp + 1 slots: 0x0 is null
stack at sp + 2 slots: 0x0 is null
stack at sp + 3 slots: 0x0000000000000028 is an unknown value
stack at sp + 4 slots: 0x0000026924c9d720 points into unknown readable memory: 0x0000000000000000 | 00 00 00 00 00 00 00 00
stack at sp + 5 slots: 0x00007ffb0f6eb8af jvm.dll
stack at sp + 6 slots: 0x0 is null
stack at sp + 7 slots: 0x0000000000000001 is an unknown value

VM_Operation (0x000000f76e6fe760): PopulateDumpSharedSpace, mode: safepoint, requested by thread 0x000002696a54add0


---------------  P R O C E S S  ---------------

Threads class SMR info:
_java_thread_list=0x0000026977167200, length=28, elements={
0x000002696a54add0, 0x0000026977168d50, 0x000002697716a0d0, 0x000002697716e530,
0x00000269771712c0, 0x00000269771731c0, 0x0000026977173e80, 0x000002697717f830,
0x0000026977193180, 0x000002697cdbef60, 0x000002697d15c0f0, 0x000002697e0bbc50,
0x000002697db33b60, 0x000002697db31c20, 0x000002697db34330, 0x000002697db34b00,
0x000002697db36a40, 0x000002697db30c80, 0x000002697db36270, 0x000002697db31450,
0x000002697db352d0, 0x000002697ee00920, 0x000002697ee04f70, 0x000002697ee018c0,
0x0000026910aa4430, 0x0000026910aa1550, 0x0000026910aa05b0, 0x0000026910462800
}

Java Threads: ( => current thread )
  0x000002696a54add0 JavaThread "main"                              [_thread_blocked, id=30392, stack(0x000000f76e600000,0x000000f76e700000) (1024K)]
  0x0000026977168d50 JavaThread "Reference Handler"          daemon [_thread_blocked, id=20860, stack(0x000000f76ea00000,0x000000f76eb00000) (1024K)]
  0x000002697716a0d0 JavaThread "Finalizer"                  daemon [_thread_blocked, id=29268, stack(0x000000f76eb00000,0x000000f76ec00000) (1024K)]
  0x000002697716e530 JavaThread "Signal Dispatcher"          daemon [_thread_blocked, id=27868, stack(0x000000f76ec00000,0x000000f76ed00000) (1024K)]
  0x00000269771712c0 JavaThread "Attach Listener"            daemon [_thread_blocked, id=1776, stack(0x000000f76ed00000,0x000000f76ee00000) (1024K)]
  0x00000269771731c0 JavaThread "Service Thread"             daemon [_thread_blocked, id=17892, stack(0x000000f76ee00000,0x000000f76ef00000) (1024K)]
  0x0000026977173e80 JavaThread "Monitor Deflation Thread"   daemon [_thread_blocked, id=9288, stack(0x000000f76ef00000,0x000000f76f000000) (1024K)]
  0x000002697717f830 JavaThread "C2 CompilerThread0"         daemon [_thread_blocked, id=13748, stack(0x000000f76f000000,0x000000f76f100000) (1024K)]
  0x0000026977193180 JavaThread "C1 CompilerThread0"         daemon [_thread_blocked, id=976, stack(0x000000f76f100000,0x000000f76f200000) (1024K)]
  0x000002697cdbef60 JavaThread "Common-Cleaner"             daemon [_thread_blocked, id=4576, stack(0x000000f76f200000,0x000000f76f300000) (1024K)]
  0x000002697d15c0f0 JavaThread "Notification Thread"        daemon [_thread_blocked, id=25920, stack(0x000000f76f300000,0x000000f76f400000) (1024K)]
  0x000002697e0bbc50 JavaThread "JNA Cleaner"                daemon [_thread_blocked, id=22228, stack(0x000000f770f00000,0x000000f771000000) (1024K)]
  0x000002697db33b60 JavaThread "InnocuousThread-1"          daemon [_thread_in_native, id=14832, stack(0x000000f771400000,0x000000f771500000) (1024K)]
  0x000002697db31c20 JavaThread "InnocuousThread-2"          daemon [_thread_in_native, id=25620, stack(0x000000f771500000,0x000000f771600000) (1024K)]
  0x000002697db34330 JavaThread "InnocuousThread-3"          daemon [_thread_in_native, id=22200, stack(0x000000f771600000,0x000000f771700000) (1024K)]
  0x000002697db34b00 JavaThread "InnocuousThread-4"          daemon [_thread_in_native, id=21944, stack(0x000000f771700000,0x000000f771800000) (1024K)]
  0x000002697db36a40 JavaThread "InnocuousThread-5"          daemon [_thread_in_native, id=7572, stack(0x000000f771800000,0x000000f771900000) (1024K)]
  0x000002697db30c80 JavaThread "InnocuousThread-6"          daemon [_thread_in_native, id=26648, stack(0x000000f771900000,0x000000f771a00000) (1024K)]
  0x000002697db36270 JavaThread "InnocuousThread-7"          daemon [_thread_in_native, id=25556, stack(0x000000f771a00000,0x000000f771b00000) (1024K)]
  0x000002697db31450 JavaThread "InnocuousThread-8"          daemon [_thread_in_native, id=28336, stack(0x000000f771b00000,0x000000f771c00000) (1024K)]
  0x000002697db352d0 JavaThread "InnocuousThread-9"          daemon [_thread_in_native, id=10400, stack(0x000000f771c00000,0x000000f771d00000) (1024K)]
  0x000002697ee00920 JavaThread "pool-2-thread-1"                   [_thread_blocked, id=24892, stack(0x000000f771d00000,0x000000f771e00000) (1024K)]
  0x000002697ee04f70 JavaThread "WorkspaceEventsHandler"            [_thread_blocked, id=144, stack(0x000000f771e00000,0x000000f771f00000) (1024K)]
  0x000002697ee018c0 JavaThread "pool-1-thread-1"                   [_thread_blocked, id=8904, stack(0x000000f771f00000,0x000000f772000000) (1024K)]
  0x0000026910aa4430 JavaThread "Cleaner-0"                  daemon [_thread_blocked, id=9148, stack(0x000000f76fb00000,0x000000f76fc00000) (1024K)]
  0x0000026910aa1550 JavaThread "ForkJoinPool.commonPool-worker-13" daemon [_thread_blocked, id=19472, stack(0x000000f76e500000,0x000000f76e600000) (1024K)]
  0x0000026910aa05b0 JavaThread "pool-6-thread-1"                   [_thread_blocked, id=16500, stack(0x000000f76f500000,0x000000f76f600000) (1024K)]
  0x0000026910462800 JavaThread "C2 CompilerThread1"         daemon [_thread_blocked, id=11436, stack(0x000000f76fa00000,0x000000f76fb00000) (1024K)]
Total: 28

Other Threads:
=>0x000002696a5c8fb0 VMThread "VM Thread"                           [id=23524, stack(0x000000f76e900000,0x000000f76ea00000) (1024K)]
  0x000002697713caf0 WatcherThread "VM Periodic Task Thread"        [id=30000, stack(0x000000f76e800000,0x000000f76e900000) (1024K)]
  0x000002696a564160 WorkerThread "GC Thread#0"                     [id=29504, stack(0x000000f76e700000,0x000000f76e800000) (1024K)]
  0x000002697d782b10 WorkerThread "GC Thread#1"                     [id=3096, stack(0x000000f76f600000,0x000000f76f700000) (1024K)]
  0x000002697d7a8970 WorkerThread "GC Thread#2"                     [id=13292, stack(0x000000f76f700000,0x000000f76f800000) (1024K)]
  0x000002697d7a8da0 WorkerThread "GC Thread#3"                     [id=26184, stack(0x000000f76f800000,0x000000f76f900000) (1024K)]
  0x000002697d758bb0 WorkerThread "GC Thread#4"                     [id=9356, stack(0x000000f770000000,0x000000f770100000) (1024K)]
  0x000002697e232c10 WorkerThread "GC Thread#5"                     [id=9660, stack(0x000000f770600000,0x000000f770700000) (1024K)]
  0x000002697e22c8e0 WorkerThread "GC Thread#6"                     [id=23896, stack(0x000000f770900000,0x000000f770a00000) (1024K)]
  0x000002697e22efb0 WorkerThread "GC Thread#7"                     [id=15728, stack(0x000000f770a00000,0x000000f770b00000) (1024K)]
Total: 10

Threads with active compile tasks:
C2 CompilerThread0  697990 13800       4       java.lang.invoke.LambdaForm::normalizeNames (233 bytes)
C2 CompilerThread1  697990 13797       4       java.lang.classfile.constantpool.ConstantPoolBuilder::methodRefEntry (22 bytes)
Total: 2

VM state: at safepoint (normal execution)

VM Mutex/Monitor currently owned by a thread:  ([mutex/lock_event])
[0x00007ffb10008ce8] DumpTimeTable_lock - owner thread: 0x000002696a5c8fb0
[0x00007ffb100094e8] Threads_lock - owner thread: 0x000002696a5c8fb0
[0x00007ffb10009668] Heap_lock - owner thread: 0x000002696a54add0

Heap address: 0x0000000080000000, size: 2048 MB, Compressed Oops mode: 32-bit

CDS archive(s) mapped at: [0x000000000c000000-0x000000000cdd0000-0x000000000cdd0000), size 14483456, SharedBaseAddress: 0x000000000c000000, ArchiveRelocationMode: 1.
Compressed class space mapped at: 0x000000000d000000-0x000000004d000000, reserved size: 1073741824
UseCompressedClassPointers 1, UseCompactObjectHeaders 0
Narrow klass pointer bits 32, Max shift 3
Narrow klass base: 0x000000000c000000, Narrow klass shift: 0
Encoding Range: [0x000000000c000000 - 0x000000010c000000), (4294967296 bytes)
Klass Range:    [0x000000000c010000 - 0x000000004d000000), (1090453504 bytes)
Klass ID Range:  [65536 - 1090519033) (1090453497)
Protection zone: [0x000000000c000000 - 0x000000000c010000), (65536 bytes)

GC Precious Log:
 CardTable entry size: 512
 CPUs: 8 total, 8 available
 Memory: 32599M
 Large Page Support: Disabled
 NUMA Support: Disabled
 Compressed Oops: Enabled (32-bit)
 Alignments: Space 512K, Generation 512K, Heap 2M
 Heap Min Capacity: 100M
 Heap Initial Capacity: 100M
 Heap Max Capacity: 2G
 Pre-touch: Disabled
 Parallel Workers: 8

Heap:
 PSYoungGen      total 30720K, used 29522K [0x00000000d5580000, 0x00000000d8100000, 0x0000000100000000)
  eden space 28160K, 96% used [0x00000000d5580000,0x00000000d700cb90,0x00000000d7100000)
  from space 2560K, 91% used [0x00000000d7e80000,0x00000000d80c8010,0x00000000d8100000)
  to   space 5632K, 0% used [0x00000000d7600000,0x00000000d7600000,0x00000000d7b80000)
 ParOldGen       total 423424K, used 422917K [0x0000000080000000, 0x0000000099d80000, 0x00000000d5580000)
  object space 423424K, 99% used [0x0000000080000000,0x0000000099d017b0,0x0000000099d80000)

Card table byte_map: [0x0000026974980000,0x0000026974d80000] _byte_map_base: 0x0000026974580000

Marking Bits: (ParMarkBitMap*) 0x00007ffb1000ea00
 Begin Bits: [0x0000026975030000, 0x0000026977030000)

Polling page: 0x000002696a490000

Metaspace:
Metaspace        used 78494K, committed 80256K, reserved 1179648K
 class space     used 7393K, committed 8128K, reserved 1048576K

Usage:
  Non-class:     69.43 MB used.
      Class:      7.22 MB used.
       Both:     76.66 MB used.

Virtual space:
  Non-class space:      128.00 MB reserved,      70.44 MB ( 55%) committed,  2 nodes.
      Class space:        1.00 GB reserved,       7.94 MB ( <1%) committed,  1 nodes.
             Both:        1.12 GB reserved,      78.38 MB (  7%) committed. 

Chunk freelists:
   Non-Class:  9.52 MB
       Class:  8.02 MB
        Both:  17.54 MB

MaxMetaspaceSize: unlimited
CompressedClassSpaceSize: 1.00 GB
Initial GC threshold: 21.00 MB
Current GC threshold: 97.31 MB
CDS: on
 - commit_granule_bytes: 65536.
 - commit_granule_words: 8192.
 - virtual_space_node_default_size: 8388608.
 - enlarge_chunks_in_place: 1.
UseCompressedClassPointers 1, UseCompactObjectHeaders 0
Narrow klass pointer bits 32, Max shift 3
Narrow klass base: 0x000000000c000000, Narrow klass shift: 0
Encoding Range: [0x000000000c000000 - 0x000000010c000000), (4294967296 bytes)
Klass Range:    [0x000000000c010000 - 0x000000004d000000), (1090453504 bytes)
Klass ID Range:  [65536 - 1090519033) (1090453497)
Protection zone: [0x000000000c000000 - 0x000000000c010000), (65536 bytes)


Internal statistics:

num_allocs_failed_limit: 9.
num_arena_births: 1578.
num_arena_deaths: 20.
num_vsnodes_births: 3.
num_vsnodes_deaths: 0.
num_space_committed: 1254.
num_space_uncommitted: 0.
num_chunks_returned_to_freelist: 32.
num_chunks_taken_from_freelist: 4892.
num_chunk_merges: 15.
num_chunk_splits: 3140.
num_chunks_enlarged: 1926.
num_inconsistent_stats: 0.

CodeHeap 'non-profiled nmethods': size=120064Kb used=6897Kb max_used=6897Kb free=113166Kb
 bounds [0x0000026907ac0000, 0x0000026908180000, 0x000002690f000000]
CodeHeap 'profiled nmethods': size=120000Kb used=21707Kb max_used=21707Kb free=98292Kb
 bounds [0x0000026900000000, 0x0000026901540000, 0x0000026907530000]
CodeHeap 'non-nmethods': size=5696Kb used=1627Kb max_used=1654Kb free=4069Kb
 bounds [0x0000026907530000, 0x00000269077a0000, 0x0000026907ac0000]
CodeCache: size=245760Kb, used=30231Kb, max_used=30258Kb, free=215527Kb
 total_blobs=13813, nmethods=12904, adapters=813, full_count=0
Compilation: enabled, stopped_count=0, restarted_count=0

Compilation events (20 events):
Event: 695.438 Thread 0x0000026910462800 nmethod 13865 0x000002690817b988 code [0x000002690817ba80, 0x000002690817bb00]
Event: 695.438 Thread 0x0000026910462800 13867       4       jdk.internal.classfile.impl.StackMapGenerator$Frame::decStack (29 bytes)
Event: 695.439 Thread 0x0000026910462800 nmethod 13867 0x000002690817bc88 code [0x000002690817bd80, 0x000002690817be28]
Event: 695.439 Thread 0x0000026910462800 13864       4       java.lang.classfile.constantpool.ConstantPoolBuilder::nameAndTypeEntry (21 bytes)
Event: 695.441 Thread 0x0000026977193180 13872       3       jdk.internal.classfile.impl.DirectCodeBuilder::areturn (12 bytes)
Event: 695.441 Thread 0x0000026910462800 nmethod 13864 0x000002690817c288 code [0x000002690817c380, 0x000002690817c558]
Event: 695.441 Thread 0x0000026910462800 13797       4       java.lang.classfile.constantpool.ConstantPoolBuilder::methodRefEntry (22 bytes)
Event: 695.441 Thread 0x0000026977193180 nmethod 13872 0x000002690152f988 code [0x000002690152fa80, 0x000002690152fc58]
Event: 695.441 Thread 0x0000026977193180 13873       3       java.lang.invoke.ClassSpecializer$Factory$1$1Var::isInHeap (13 bytes)
Event: 695.441 Thread 0x0000026977193180 nmethod 13873 0x000002690152fc88 code [0x000002690152fd80, 0x000002690152fed8]
Event: 695.441 Thread 0x0000026977193180 13874       3       java.lang.invoke.ClassSpecializer$Factory$1$1Var::nextIndex (18 bytes)
Event: 695.441 Thread 0x0000026977193180 nmethod 13874 0x000002690152ff88 code [0x0000026901530080, 0x0000026901530418]
Event: 695.441 Thread 0x0000026977193180 13875       3       java.lang.invoke.ClassSpecializer$Factory$1$1Var::<init> (137 bytes)
Event: 695.443 Thread 0x0000026977193180 nmethod 13875 0x0000026901530488 code [0x0000026901530580, 0x00000269015320c8]
Event: 695.443 Thread 0x0000026977193180 13876       3       java.lang.invoke.ClassSpecializer$Factory$1$1Var::nextSlotIndex (24 bytes)
Event: 695.443 Thread 0x0000026977193180 nmethod 13876 0x0000026901532108 code [0x0000026901532200, 0x0000026901532580]
Event: 695.443 Thread 0x0000026977193180 13879       3       jdk.internal.classfile.impl.DirectCodeBuilder::getfield (22 bytes)
Event: 695.443 Thread 0x0000026977193180 nmethod 13879 0x0000026901532588 code [0x0000026901532680, 0x0000026901532b50]
Event: 695.443 Thread 0x0000026977193180 13878       3       java.lang.invoke.ClassSpecializer$Factory$1$1Var::emitLoadInstruction (19 bytes)
Event: 695.443 Thread 0x0000026977193180 nmethod 13878 0x0000026901532b88 code [0x0000026901532c80, 0x0000026901532e30]

GC Heap Usage History (20 events):
Event: 15.794 {heap Before GC invocations=106 (full 3):
 PSYoungGen      total 28160K, used 28134K [0x00000000d5580000, 0x00000000d7d80000, 0x0000000100000000)
  eden space 26112K, 100% used [0x00000000d5580000,0x00000000d6f00000,0x00000000d6f00000)
  from space 2048K, 98% used [0x00000000d7500000,0x00000000d76f9818,0x00000000d7700000)
  to   space 6144K, 0% used [0x00000000d6f00000,0x00000000d6f00000,0x00000000d7500000)
 ParOldGen       total 394240K, used 393969K [0x0000000080000000, 0x0000000098100000, 0x00000000d558Event: 15.797 {heap After GC invocations=106 (full 3):
 PSYoungGen      total 30208K, used 4541K [0x00000000d5580000, 0x00000000d7880000, 0x0000000100000000)
  eden space 25600K, 0% used [0x00000000d5580000,0x00000000d5580000,0x00000000d6e80000)
  from space 4608K, 98% used [0x00000000d6f00000,0x00000000d736f608,0x00000000d7380000)
  to   space 5120K, 0% used [0x00000000d7380000,0x00000000d7380000,0x00000000d7880000)
 ParOldGen       total 396288K, used 395911K [0x0000000080000000, 0x0000000098300000, 0x00000000d5580000Event: 15.898 {heap Before GC invocations=107 (full 3):
 PSYoungGen      total 30208K, used 30141K [0x00000000d5580000, 0x00000000d7880000, 0x0000000100000000)
  eden space 25600K, 100% used [0x00000000d5580000,0x00000000d6e80000,0x00000000d6e80000)
  from space 4608K, 98% used [0x00000000d6f00000,0x00000000d736f608,0x00000000d7380000)
  to   space 5120K, 0% used [0x00000000d7380000,0x00000000d7380000,0x00000000d7880000)
 ParOldGen       total 396288K, used 395911K [0x0000000080000000, 0x0000000098300000, 0x00000000d558Event: 15.900 {heap After GC invocations=107 (full 3):
 PSYoungGen      total 29696K, used 2294K [0x00000000d5580000, 0x00000000d7680000, 0x0000000100000000)
  eden space 26624K, 0% used [0x00000000d5580000,0x00000000d5580000,0x00000000d6f80000)
  from space 3072K, 74% used [0x00000000d7380000,0x00000000d75bd810,0x00000000d7680000)
  to   space 3584K, 0% used [0x00000000d6f80000,0x00000000d6f80000,0x00000000d7300000)
 ParOldGen       total 397824K, used 397574K [0x0000000080000000, 0x0000000098480000, 0x00000000d5580000Event: 15.989 {heap Before GC invocations=108 (full 3):
 PSYoungGen      total 29696K, used 28918K [0x00000000d5580000, 0x00000000d7680000, 0x0000000100000000)
  eden space 26624K, 100% used [0x00000000d5580000,0x00000000d6f80000,0x00000000d6f80000)
  from space 3072K, 74% used [0x00000000d7380000,0x00000000d75bd810,0x00000000d7680000)
  to   space 3584K, 0% used [0x00000000d6f80000,0x00000000d6f80000,0x00000000d7300000)
 ParOldGen       total 397824K, used 397574K [0x0000000080000000, 0x0000000098480000, 0x00000000d558Event: 15.992 {heap After GC invocations=108 (full 3):
 PSYoungGen      total 29696K, used 3556K [0x00000000d5580000, 0x00000000d7f00000, 0x0000000100000000)
  eden space 26112K, 0% used [0x00000000d5580000,0x00000000d5580000,0x00000000d6f00000)
  from space 3584K, 99% used [0x00000000d6f80000,0x00000000d72f9030,0x00000000d7300000)
  to   space 8192K, 0% used [0x00000000d7700000,0x00000000d7700000,0x00000000d7f00000)
 ParOldGen       total 401408K, used 400945K [0x0000000080000000, 0x0000000098800000, 0x00000000d5580000Event: 19.172 {heap Before GC invocations=109 (full 3):
 PSYoungGen      total 29696K, used 29668K [0x00000000d5580000, 0x00000000d7f00000, 0x0000000100000000)
  eden space 26112K, 99% used [0x00000000d5580000,0x00000000d6effff0,0x00000000d6f00000)
  from space 3584K, 99% used [0x00000000d6f80000,0x00000000d72f9030,0x00000000d7300000)
  to   space 8192K, 0% used [0x00000000d7700000,0x00000000d7700000,0x00000000d7f00000)
 ParOldGen       total 401408K, used 400945K [0x0000000080000000, 0x0000000098800000, 0x00000000d5580Event: 19.174 {heap After GC invocations=109 (full 3):
 PSYoungGen      total 31232K, used 5620K [0x00000000d5580000, 0x00000000d7c80000, 0x0000000100000000)
  eden space 25600K, 0% used [0x00000000d5580000,0x00000000d5580000,0x00000000d6e80000)
  from space 5632K, 99% used [0x00000000d7700000,0x00000000d7c7d090,0x00000000d7c80000)
  to   space 6144K, 0% used [0x00000000d7080000,0x00000000d7080000,0x00000000d7680000)
 ParOldGen       total 401408K, used 401289K [0x0000000080000000, 0x0000000098800000, 0x00000000d5580000Event: 19.702 {heap Before GC invocations=110 (full 3):
 PSYoungGen      total 31232K, used 31220K [0x00000000d5580000, 0x00000000d7c80000, 0x0000000100000000)
  eden space 25600K, 100% used [0x00000000d5580000,0x00000000d6e80000,0x00000000d6e80000)
  from space 5632K, 99% used [0x00000000d7700000,0x00000000d7c7d090,0x00000000d7c80000)
  to   space 6144K, 0% used [0x00000000d7080000,0x00000000d7080000,0x00000000d7680000)
 ParOldGen       total 401408K, used 401289K [0x0000000080000000, 0x0000000098800000, 0x00000000d558Event: 19.706 {heap After GC invocations=110 (full 3):
 PSYoungGen      total 30208K, used 2544K [0x00000000d5580000, 0x00000000d7780000, 0x0000000100000000)
  eden space 27648K, 0% used [0x00000000d5580000,0x00000000d5580000,0x00000000d7080000)
  from space 2560K, 99% used [0x00000000d7080000,0x00000000d72fc160,0x00000000d7300000)
  to   space 4096K, 0% used [0x00000000d7380000,0x00000000d7380000,0x00000000d7780000)
 ParOldGen       total 407040K, used 406809K [0x0000000080000000, 0x0000000098d80000, 0x00000000d5580000Event: 19.923 {heap Before GC invocations=111 (full 3):
 PSYoungGen      total 30208K, used 30192K [0x00000000d5580000, 0x00000000d7780000, 0x0000000100000000)
  eden space 27648K, 100% used [0x00000000d5580000,0x00000000d7080000,0x00000000d7080000)
  from space 2560K, 99% used [0x00000000d7080000,0x00000000d72fc160,0x00000000d7300000)
  to   space 4096K, 0% used [0x00000000d7380000,0x00000000d7380000,0x00000000d7780000)
 ParOldGen       total 407040K, used 406809K [0x0000000080000000, 0x0000000098d80000, 0x00000000d558Event: 19.927 {heap After GC invocations=111 (full 3):
 PSYoungGen      total 31232K, used 2082K [0x00000000d5580000, 0x00000000d7680000, 0x0000000100000000)
  eden space 28160K, 0% used [0x00000000d5580000,0x00000000d5580000,0x00000000d7100000)
  from space 3072K, 67% used [0x00000000d7380000,0x00000000d7588b70,0x00000000d7680000)
  to   space 2560K, 0% used [0x00000000d7100000,0x00000000d7100000,0x00000000d7380000)
 ParOldGen       total 409088K, used 408597K [0x0000000080000000, 0x0000000098f80000, 0x00000000d5580000Event: 20.206 {heap Before GC invocations=112 (full 3):
 PSYoungGen      total 31232K, used 30242K [0x00000000d5580000, 0x00000000d7680000, 0x0000000100000000)
  eden space 28160K, 100% used [0x00000000d5580000,0x00000000d7100000,0x00000000d7100000)
  from space 3072K, 67% used [0x00000000d7380000,0x00000000d7588b70,0x00000000d7680000)
  to   space 2560K, 0% used [0x00000000d7100000,0x00000000d7100000,0x00000000d7380000)
 ParOldGen       total 409088K, used 408597K [0x0000000080000000, 0x0000000098f80000, 0x00000000d558Event: 20.208 {heap After GC invocations=112 (full 3):
 PSYoungGen      total 30208K, used 2546K [0x00000000d5580000, 0x00000000d7a80000, 0x0000000100000000)
  eden space 27648K, 0% used [0x00000000d5580000,0x00000000d5580000,0x00000000d7080000)
  from space 2560K, 99% used [0x00000000d7100000,0x00000000d737c9a8,0x00000000d7380000)
  to   space 5120K, 0% used [0x00000000d7580000,0x00000000d7580000,0x00000000d7a80000)
 ParOldGen       total 410624K, used 410586K [0x0000000080000000, 0x0000000099100000, 0x00000000d5580000Event: 20.626 {heap Before GC invocations=113 (full 3):
 PSYoungGen      total 30208K, used 30194K [0x00000000d5580000, 0x00000000d7a80000, 0x0000000100000000)
  eden space 27648K, 100% used [0x00000000d5580000,0x00000000d7080000,0x00000000d7080000)
  from space 2560K, 99% used [0x00000000d7100000,0x00000000d737c9a8,0x00000000d7380000)
  to   space 5120K, 0% used [0x00000000d7580000,0x00000000d7580000,0x00000000d7a80000)
 ParOldGen       total 410624K, used 410586K [0x0000000080000000, 0x0000000099100000, 0x00000000d558Event: 20.629 {heap After GC invocations=113 (full 3):
 PSYoungGen      total 30720K, used 1200K [0x00000000d5580000, 0x00000000d7700000, 0x0000000100000000)
  eden space 29184K, 0% used [0x00000000d5580000,0x00000000d5580000,0x00000000d7200000)
  from space 1536K, 78% used [0x00000000d7580000,0x00000000d76ac050,0x00000000d7700000)
  to   space 2560K, 0% used [0x00000000d7200000,0x00000000d7200000,0x00000000d7480000)
 ParOldGen       total 413184K, used 413078K [0x0000000080000000, 0x0000000099380000, 0x00000000d5580000Event: 538.577 {heap Before GC invocations=114 (full 3):
 PSYoungGen      total 30720K, used 30384K [0x00000000d5580000, 0x00000000d7700000, 0x0000000100000000)
  eden space 29184K, 100% used [0x00000000d5580000,0x00000000d7200000,0x00000000d7200000)
  from space 1536K, 78% used [0x00000000d7580000,0x00000000d76ac050,0x00000000d7700000)
  to   space 2560K, 0% used [0x00000000d7200000,0x00000000d7200000,0x00000000d7480000)
 ParOldGen       total 413184K, used 413078K [0x0000000080000000, 0x0000000099380000, 0x00000000d558Event: 538.583 {heap After GC invocations=114 (full 3):
 PSYoungGen      total 31232K, used 2550K [0x00000000d5580000, 0x00000000d8b80000, 0x0000000100000000)
  eden space 28672K, 0% used [0x00000000d5580000,0x00000000d5580000,0x00000000d7180000)
  from space 2560K, 99% used [0x00000000d7200000,0x00000000d747db88,0x00000000d7480000)
  to   space 13312K, 0% used [0x00000000d7e80000,0x00000000d7e80000,0x00000000d8b80000)
 ParOldGen       total 421888K, used 421671K [0x0000000080000000, 0x0000000099c00000, 0x00000000d558000Event: 695.375 {heap Before GC invocations=115 (full 3):
 PSYoungGen      total 31232K, used 31222K [0x00000000d5580000, 0x00000000d8b80000, 0x0000000100000000)
  eden space 28672K, 100% used [0x00000000d5580000,0x00000000d7180000,0x00000000d7180000)
  from space 2560K, 99% used [0x00000000d7200000,0x00000000d747db88,0x00000000d7480000)
  to   space 13312K, 0% used [0x00000000d7e80000,0x00000000d7e80000,0x00000000d8b80000)
 ParOldGen       total 421888K, used 421671K [0x0000000080000000, 0x0000000099c00000, 0x00000000d55Event: 695.378 {heap After GC invocations=115 (full 3):
 PSYoungGen      total 30720K, used 2336K [0x00000000d5580000, 0x00000000d8100000, 0x0000000100000000)
  eden space 28160K, 0% used [0x00000000d5580000,0x00000000d5580000,0x00000000d7100000)
  from space 2560K, 91% used [0x00000000d7e80000,0x00000000d80c8010,0x00000000d8100000)
  to   space 5632K, 0% used [0x00000000d7600000,0x00000000d7600000,0x00000000d7b80000)
 ParOldGen       total 423424K, used 422917K [0x0000000080000000, 0x0000000099d80000, 0x00000000d5580000
Metaspace Usage History (20 events):
Event: 15.794 {metaspace Before GC invocations=106 (full 3):
 Metaspace       used 69700K, committed 70976K, reserved 1114112K
  class space    used 6382K, committed 6912K, reserved 1048576K
}
Event: 15.797 {metaspace After GC invocations=106 (full 3):
 Metaspace       used 69700K, committed 70976K, reserved 1114112K
  class space    used 6382K, committed 6912K, reserved 1048576K
}
Event: 15.898 {metaspace Before GC invocations=107 (full 3):
 Metaspace       used 69700K, committed 70976K, reserved 1114112K
  class space    used 6382K, committed 6912K, reserved 1048576K
}
Event: 15.900 {metaspace After GC invocations=107 (full 3):
 Metaspace       used 69700K, committed 70976K, reserved 1114112K
  class space    used 6382K, committed 6912K, reserved 1048576K
}
Event: 15.989 {metaspace Before GC invocations=108 (full 3):
 Metaspace       used 69706K, committed 71040K, reserved 1114112K
  class space    used 6382K, committed 6912K, reserved 1048576K
}
Event: 15.992 {metaspace After GC invocations=108 (full 3):
 Metaspace       used 69706K, committed 71040K, reserved 1114112K
  class space    used 6382K, committed 6912K, reserved 1048576K
}
Event: 19.172 {metaspace Before GC invocations=109 (full 3):
 Metaspace       used 69915K, committed 71232K, reserved 1114112K
  class space    used 6393K, committed 6912K, reserved 1048576K
}
Event: 19.174 {metaspace After GC invocations=109 (full 3):
 Metaspace       used 69915K, committed 71232K, reserved 1114112K
  class space    used 6393K, committed 6912K, reserved 1048576K
}
Event: 19.702 {metaspace Before GC invocations=110 (full 3):
 Metaspace       used 71454K, committed 72832K, reserved 1179648K
  class space    used 6507K, committed 7040K, reserved 1048576K
}
Event: 19.706 {metaspace After GC invocations=110 (full 3):
 Metaspace       used 71454K, committed 72832K, reserved 1179648K
  class space    used 6507K, committed 7040K, reserved 1048576K
}
Event: 19.923 {metaspace Before GC invocations=111 (full 3):
 Metaspace       used 72214K, committed 73536K, reserved 1179648K
  class space    used 6579K, committed 7104K, reserved 1048576K
}
Event: 19.927 {metaspace After GC invocations=111 (full 3):
 Metaspace       used 72214K, committed 73536K, reserved 1179648K
  class space    used 6579K, committed 7104K, reserved 1048576K
}
Event: 20.206 {metaspace Before GC invocations=112 (full 3):
 Metaspace       used 73958K, committed 75328K, reserved 1179648K
  class space    used 6736K, committed 7296K, reserved 1048576K
}
Event: 20.208 {metaspace After GC invocations=112 (full 3):
 Metaspace       used 73958K, committed 75328K, reserved 1179648K
  class space    used 6736K, committed 7296K, reserved 1048576K
}
Event: 20.626 {metaspace Before GC invocations=113 (full 3):
 Metaspace       used 75892K, committed 77248K, reserved 1179648K
  class space    used 6991K, committed 7552K, reserved 1048576K
}
Event: 20.629 {metaspace After GC invocations=113 (full 3):
 Metaspace       used 75892K, committed 77248K, reserved 1179648K
  class space    used 6991K, committed 7552K, reserved 1048576K
}
Event: 538.577 {metaspace Before GC invocations=114 (full 3):
 Metaspace       used 77129K, committed 78464K, reserved 1179648K
  class space    used 7161K, committed 7744K, reserved 1048576K
}
Event: 538.583 {metaspace After GC invocations=114 (full 3):
 Metaspace       used 77129K, committed 78464K, reserved 1179648K
  class space    used 7161K, committed 7744K, reserved 1048576K
}
Event: 695.375 {metaspace Before GC invocations=115 (full 3):
 Metaspace       used 77872K, committed 79360K, reserved 1179648K
  class space    used 7271K, committed 7936K, reserved 1048576K
}
Event: 695.378 {metaspace After GC invocations=115 (full 3):
 Metaspace       used 77872K, committed 79360K, reserved 1179648K
  class space    used 7271K, committed 7936K, reserved 1048576K
}

Dll operation events (14 events):
Event: 0.011 Loaded shared library C:\Program Files\Java\jdk-25\bin\java.dll
Event: 0.024 Loaded shared library C:\Program Files\Java\jdk-25\bin\zip.dll
Event: 0.090 Loaded shared library C:\Program Files\Java\jdk-25\bin\instrument.dll
Event: 0.095 Loaded shared library C:\Program Files\Java\jdk-25\bin\net.dll
Event: 0.097 Loaded shared library C:\Program Files\Java\jdk-25\bin\nio.dll
Event: 0.100 Loaded shared library C:\Program Files\Java\jdk-25\bin\zip.dll
Event: 0.122 Loaded shared library C:\Program Files\Java\jdk-25\bin\jimage.dll
Event: 0.208 Loaded shared library C:\Program Files\Java\jdk-25\bin\verify.dll
Event: 1.455 Loaded shared library C:\Users\P R E D A T O R\AppData\Roaming\Code\User\globalStorage\redhat.java\1.50.2025112208\config_win\org.eclipse.equinox.launcher\org.eclipse.equinox.launcher.win32.win32.x86_64_1.2.1400.v20250801-0854\eclipse_11916.dll
Event: 2.653 Loaded shared library C:\Program Files\Java\jdk-25\bin\management.dll
Event: 2.656 Loaded shared library C:\Program Files\Java\jdk-25\bin\management_ext.dll
Event: 4.093 Loaded shared library C:\Users\P R E D A T O R\AppData\Local\Temp\jna-1599873473\jna16847792084622195420.dll
Event: 4.565 Loaded shared library C:\Program Files\Java\jdk-25\bin\sunmscapi.dll
Event: 4.730 Loaded shared library C:\Program Files\Java\jdk-25\bin\extnet.dll

Deoptimization events (20 events):
Event: 694.661 Thread 0x000002697e0bb480 Uncommon trap: trap_request=0xfffffff4 fr.pc=0x0000026908041e14 relative=0x0000000000002a94
Event: 694.661 Thread 0x000002697e0bb480 Uncommon trap: reason=null_check action=make_not_entrant pc=0x0000026908041e14 method=org.eclipse.jdt.internal.core.index.DiskIndex.computeDocumentNames([Ljava/lang/String;[ILorg/eclipse/jdt/internal/compiler/util/SimpleLookupTable;Lorg/eclipse/jdt/intern
Event: 694.661 Thread 0x000002697e0bb480 DEOPT PACKING pc=0x0000026908041e14 sp=0x000000f770dfeba0
Event: 694.661 Thread 0x000002697e0bb480 DEOPT UNPACKING pc=0x0000026907644b02 sp=0x000000f770dfeb10 mode 2
Event: 695.301 Thread 0x000002697dd9d8d0 Uncommon trap: trap_request=0xffffff45 fr.pc=0x0000026907d44044 relative=0x0000000000000044
Event: 695.301 Thread 0x000002697dd9d8d0 Uncommon trap: reason=unstable_if action=reinterpret pc=0x0000026907d44044 method=java.util.concurrent.ThreadPoolExecutor.runStateAtLeast(II)Z @ 2 c2
Event: 695.301 Thread 0x000002697dd9d8d0 DEOPT PACKING pc=0x0000026907d44044 sp=0x000000f76f4ff610
Event: 695.301 Thread 0x000002697dd9d8d0 DEOPT UNPACKING pc=0x0000026907644b02 sp=0x000000f76f4ff5a8 mode 2
Event: 695.306 Thread 0x0000026910a9cf00 Uncommon trap: trap_request=0xffffff45 fr.pc=0x000002690814b304 relative=0x0000000000000884
Event: 695.306 Thread 0x0000026910a9cf00 Uncommon trap: reason=unstable_if action=reinterpret pc=0x000002690814b304 method=org.eclipse.osgi.internal.framework.BundleContextImpl.dispatchEvent(Ljava/lang/Object;Ljava/lang/Object;ILjava/lang/Object;)V @ 10 c2
Event: 695.306 Thread 0x0000026910a9cf00 DEOPT PACKING pc=0x000002690814b304 sp=0x000000f76f9ff0e0
Event: 695.306 Thread 0x0000026910a9cf00 DEOPT UNPACKING pc=0x0000026907644b02 sp=0x000000f76f9ff0b0 mode 2
Event: 695.306 Thread 0x000002697d63ea10 Uncommon trap: trap_request=0xffffff6e fr.pc=0x000002690814a554 relative=0x00000000000003d4
Event: 695.306 Thread 0x000002697d63ea10 Uncommon trap: reason=predicate action=maybe_recompile pc=0x000002690814a554 method=org.eclipse.osgi.framework.eventmgr.EventManager.dispatchEvent(Ljava/util/Set;Lorg/eclipse/osgi/framework/eventmgr/EventDispatcher;ILjava/lang/Object;)V @ 65 c2
Event: 695.306 Thread 0x000002697d63ea10 DEOPT PACKING pc=0x000002690814a554 sp=0x000000f7701ff360
Event: 695.306 Thread 0x000002697d63ea10 DEOPT UNPACKING pc=0x0000026907644b02 sp=0x000000f7701ff308 mode 2
Event: 695.387 Thread 0x000002696a54add0 Uncommon trap: trap_request=0xffffff45 fr.pc=0x00000269081576fc relative=0x00000000000003fc
Event: 695.387 Thread 0x000002696a54add0 Uncommon trap: reason=unstable_if action=reinterpret pc=0x00000269081576fc method=jdk.internal.classfile.impl.StackMapGenerator$Frame.pushStack(Ljava/lang/constant/ClassDesc;)Ljdk/internal/classfile/impl/StackMapGenerator$Frame; @ 61 c2
Event: 695.387 Thread 0x000002696a54add0 DEOPT PACKING pc=0x00000269081576fc sp=0x000000f76e6fd2b0
Event: 695.387 Thread 0x000002696a54add0 DEOPT UNPACKING pc=0x0000026907644b02 sp=0x000000f76e6fd250 mode 2

Classes loaded (20 events):
Event: 694.582 Loading class java/util/zip/Deflater
Event: 694.582 Loading class java/util/zip/Deflater done
Event: 694.583 Loading class java/util/zip/Deflater$DeflaterZStreamRef
Event: 694.583 Loading class java/util/zip/Deflater$DeflaterZStreamRef done
Event: 694.592 Loading class java/util/Collections$EmptyListIterator
Event: 694.592 Loading class java/util/Collections$EmptyListIterator done
Event: 694.621 Loading class java/lang/Throwable$WrappedPrintWriter
Event: 694.621 Loading class java/lang/Throwable$PrintStreamOrWriter
Event: 694.621 Loading class java/lang/Throwable$PrintStreamOrWriter done
Event: 694.621 Loading class java/lang/Throwable$WrappedPrintWriter done
Event: 695.229 Loading class javax/security/auth/login/Configuration
Event: 695.230 Loading class javax/security/auth/login/Configuration done
Event: 695.349 Loading class java/lang/invoke/GenerateJLIClassesHelper
Event: 695.349 Loading class java/lang/invoke/GenerateJLIClassesHelper done
Event: 695.349 Loading class java/lang/invoke/GenerateJLIClassesHelper$HolderClassBuilder
Event: 695.349 Loading class java/lang/invoke/GenerateJLIClassesHelper$HolderClassBuilder done
Event: 695.398 Loading class java/lang/invoke/BoundMethodHandle$Species_J
Event: 695.398 Loading class java/lang/invoke/BoundMethodHandle$Species_J done
Event: 695.438 Loading class java/lang/invoke/BoundMethodHandle$Species_F
Event: 695.438 Loading class java/lang/invoke/BoundMethodHandle$Species_F done

Classes unloaded (10 events):
Event: 3.177 Thread 0x000002696a5c8fb0 Unloading class 0x000000000d15c000 'java/lang/invoke/LambdaForm$MH+0x000000000d15c000'
Event: 3.177 Thread 0x000002696a5c8fb0 Unloading class 0x000000000d15bc00 'java/lang/invoke/LambdaForm$MH+0x000000000d15bc00'
Event: 3.177 Thread 0x000002696a5c8fb0 Unloading class 0x000000000d15b800 'java/lang/invoke/LambdaForm$MH+0x000000000d15b800'
Event: 3.177 Thread 0x000002696a5c8fb0 Unloading class 0x000000000d15b400 'java/lang/invoke/LambdaForm$MH+0x000000000d15b400'
Event: 3.177 Thread 0x000002696a5c8fb0 Unloading class 0x000000000d15b000 'java/lang/invoke/LambdaForm$BMH+0x000000000d15b000'
Event: 3.177 Thread 0x000002696a5c8fb0 Unloading class 0x000000000d15ac00 'java/lang/invoke/LambdaForm$DMH+0x000000000d15ac00'
Event: 3.177 Thread 0x000002696a5c8fb0 Unloading class 0x000000000d159400 'java/lang/invoke/LambdaForm$DMH+0x000000000d159400'
Event: 9.445 Thread 0x000002696a5c8fb0 Unloading class 0x000000000d555000 'java/lang/invoke/LambdaForm$DMH+0x000000000d555000'
Event: 9.445 Thread 0x000002696a5c8fb0 Unloading class 0x000000000d554800 'java/lang/invoke/LambdaForm$DMH+0x000000000d554800'
Event: 9.445 Thread 0x000002696a5c8fb0 Unloading class 0x000000000d554400 'java/lang/invoke/LambdaForm$DMH+0x000000000d554400'

Classes redefined (0 events):
No events

Internal exceptions (20 events):
Event: 695.431 Thread 0x000002696a54add0 Exception <a 'java/lang/NoSuchMethodError'{0x00000000d6b7cf18}: 'int java.lang.invoke.Invokers$Holder.invoke_MT(java.lang.Object, java.lang.Object)'> (0x00000000d6b7cf18) 
thrown [s\open\src\hotspot\share\interpreter\linkResolver.cpp, line 804]
Event: 695.432 Thread 0x000002696a54add0 Exception <a 'java/lang/NoSuchMethodError'{0x00000000d6b853d8}: 'long java.lang.invoke.Invokers$Holder.invoke_MT(java.lang.Object, java.lang.Object)'> (0x00000000d6b853d8) 
thrown [s\open\src\hotspot\share\interpreter\linkResolver.cpp, line 804]
Event: 695.432 Thread 0x000002696a54add0 Exception <a 'java/lang/NoSuchMethodError'{0x00000000d6b91780}: 'java.lang.Object java.lang.invoke.Invokers$Holder.linkToCallSite(int, int, int, java.lang.Object)'> (0x00000000d6b91780) 
thrown [s\open\src\hotspot\share\interpreter\linkResolver.cpp, line 804]
Event: 695.432 Thread 0x000002696a54add0 Exception <a 'java/lang/NoSuchMethodError'{0x00000000d6b99ea8}: 'java.lang.Object java.lang.invoke.Invokers$Holder.linkToCallSite(int, long, java.lang.Object)'> (0x00000000d6b99ea8) 
thrown [s\open\src\hotspot\share\interpreter\linkResolver.cpp, line 804]
Event: 695.432 Thread 0x000002696a54add0 Exception <a 'java/lang/NoSuchMethodError'{0x00000000d6ba2050}: 'java.lang.Object java.lang.invoke.Invokers$Holder.linkToCallSite(int, java.lang.Object, java.lang.Object, java.lang.Object)'> (0x00000000d6ba2050) 
thrown [s\open\src\hotspot\share\interpreter\linkResolver.cpp, line 804]
Event: 695.432 Thread 0x000002696a54add0 Exception <a 'java/lang/NoSuchMethodError'{0x00000000d6ba63d0}: 'java.lang.Object java.lang.invoke.Invokers$Holder.linkToCallSite(int, java.lang.Object, java.lang.Object, java.lang.Object, java.lang.Object)'> (0x00000000d6ba63d0) 
thrown [s\open\src\hotspot\share\interpreter\linkResolver.cpp, line 804]
Event: 695.433 Thread 0x000002696a54add0 Exception <a 'java/lang/NoSuchMethodError'{0x00000000d6bb6678}: 'java.lang.Object java.lang.invoke.Invokers$Holder.linkToCallSite(java.lang.Object, java.lang.Object, java.lang.Object, int, java.lang.Object, java.lang.Object, java.lang.Object)'> (0x00000000d6bb6678) 
thrown [s\open\src\hotspot\share\interpreter\linkResolver.cpp, line 804]
Event: 695.433 Thread 0x000002696a54add0 Exception <a 'java/lang/NoSuchMethodError'{0x00000000d6bbebf8}: 'java.lang.Object java.lang.invoke.Invokers$Holder.linkToCallSite(java.lang.Object, java.lang.Object, java.lang.Object, int, java.lang.Object, java.lang.Object)'> (0x00000000d6bbebf8) 
thrown [s\open\src\hotspot\share\interpreter\linkResolver.cpp, line 804]
Event: 695.434 Thread 0x000002696a54add0 Exception <a 'java/lang/NoSuchMethodError'{0x00000000d6bc9c88}: 'java.lang.Object java.lang.invoke.Invokers$Holder.linkToCallSite(java.lang.Object, java.lang.Object, java.lang.Object, java.lang.Object, java.lang.Object, java.lang.Object, java.lang.Object, java.lang.Object, java.lang.Object, int, java.lang.Object, java.lang.Object, java.lang.Object, java.lang.Object)'> (0x00000000d6bc9c88) 
thrown [s\open\src\hotspot\share\interpreter\linkResolver.cpp, line 804]
Event: 695.434 Thread 0x000002696a54add0 Exception <a 'java/lang/NoSuchMethodError'{0x00000000d6bd5270}: 'java.lang.Object java.lang.invoke.Invokers$Holder.linkToCallSite(java.lang.Object, int, int, java.lang.Object, java.lang.Object)'> (0x00000000d6bd5270) 
thrown [s\open\src\hotspot\share\interpreter\linkResolver.cpp, line 804]
Event: 695.434 Thread 0x000002696a54add0 Exception <a 'java/lang/NoSuchMethodError'{0x00000000d6bdd5a8}: 'java.lang.Object java.lang.invoke.Invokers$Holder.linkToCallSite(java.lang.Object, int, java.lang.Object, java.lang.Object, java.lang.Object)'> (0x00000000d6bdd5a8) 
thrown [s\open\src\hotspot\share\interpreter\linkResolver.cpp, line 804]
Event: 695.434 Thread 0x000002696a54add0 Exception <a 'java/lang/NoSuchMethodError'{0x00000000d6be5a30}: 'java.lang.Object java.lang.invoke.Invokers$Holder.linkToCallSite(java.lang.Object, int, java.lang.Object, java.lang.Object, java.lang.Object, java.lang.Object, java.lang.Object)'> (0x00000000d6be5a30) 
thrown [s\open\src\hotspot\share\interpreter\linkResolver.cpp, line 804]
Event: 695.435 Thread 0x000002696a54add0 Exception <a 'java/lang/NoSuchMethodError'{0x00000000d6bee1f8}: 'java.lang.Object java.lang.invoke.Invokers$Holder.linkToCallSite(java.lang.Object, int, java.lang.Object, int, java.lang.Object, java.lang.Object)'> (0x00000000d6bee1f8) 
thrown [s\open\src\hotspot\share\interpreter\linkResolver.cpp, line 804]
Event: 695.435 Thread 0x000002696a54add0 Exception <a 'java/lang/NoSuchMethodError'{0x00000000d6bf6580}: 'java.lang.Object java.lang.invoke.Invokers$Holder.linkToCallSite(java.lang.Object, int, java.lang.Object, java.lang.Object)'> (0x00000000d6bf6580) 
thrown [s\open\src\hotspot\share\interpreter\linkResolver.cpp, line 804]
Event: 695.435 Thread 0x000002696a54add0 Exception <a 'java/lang/NoSuchMethodError'{0x00000000d6bff208}: 'java.lang.Object java.lang.invoke.Invokers$Holder.linkToCallSite(java.lang.Object, long, java.lang.Object, java.lang.Object)'> (0x00000000d6bff208) 
thrown [s\open\src\hotspot\share\interpreter\linkResolver.cpp, line 804]
Event: 695.435 Thread 0x000002696a54add0 Exception <a 'java/lang/NoSuchMethodError'{0x00000000d6c07768}: 'java.lang.Object java.lang.invoke.Invokers$Holder.linkToCallSite(java.lang.Object, long, java.lang.Object)'> (0x00000000d6c07768) 
thrown [s\open\src\hotspot\share\interpreter\linkResolver.cpp, line 804]
Event: 695.435 Thread 0x000002696a54add0 Exception <a 'java/lang/NoSuchMethodError'{0x00000000d6c0f9e8}: 'java.lang.Object java.lang.invoke.Invokers$Holder.linkToCallSite(java.lang.Object, java.lang.Object, int, java.lang.Object, java.lang.Object)'> (0x00000000d6c0f9e8) 
thrown [s\open\src\hotspot\share\interpreter\linkResolver.cpp, line 804]
Event: 695.436 Thread 0x000002696a54add0 Exception <a 'java/lang/NoSuchMethodError'{0x00000000d6c17d50}: 'java.lang.Object java.lang.invoke.Invokers$Holder.linkToCallSite(java.lang.Object, java.lang.Object, int, java.lang.Object)'> (0x00000000d6c17d50) 
thrown [s\open\src\hotspot\share\interpreter\linkResolver.cpp, line 804]
Event: 695.436 Thread 0x000002696a54add0 Exception <a 'java/lang/NoSuchMethodError'{0x00000000d6c20028}: 'java.lang.Object java.lang.invoke.Invokers$Holder.linkToCallSite(java.lang.Object, java.lang.Object, long, java.lang.Object)'> (0x00000000d6c20028) 
thrown [s\open\src\hotspot\share\interpreter\linkResolver.cpp, line 804]
Event: 695.439 Thread 0x000002696a54add0 Exception <a 'java/lang/NoSuchMethodError'{0x00000000d6ef8e70}: 'java.lang.Object java.lang.invoke.DirectMethodHandle$Holder.invokeStatic(java.lang.Object, java.lang.Object, java.lang.Object, float)'> (0x00000000d6ef8e70) 
thrown [s\open\src\hotspot\share\interpreter\linkResolver.cpp, line 804]

VM Operations (20 events):
Event: 538.583 Executing safepoint VM operation: ParallelCollectForAllocation (Allocation Failure) done
Event: 661.841 Executing non-safepoint VM operation: HandshakeAllThreads (HandshakeForDeflation)
Event: 661.841 Executing non-safepoint VM operation: HandshakeAllThreads (HandshakeForDeflation) done
Event: 661.841 Executing non-safepoint VM operation: RendezvousGCThreads
Event: 661.841 Executing non-safepoint VM operation: RendezvousGCThreads done
Event: 694.656 Executing non-safepoint VM operation: HandshakeAllThreads (Deoptimize)
Event: 694.656 Executing non-safepoint VM operation: HandshakeAllThreads (Deoptimize) done
Event: 695.267 Executing non-safepoint VM operation: HandshakeAllThreads (Deoptimize)
Event: 695.268 Executing non-safepoint VM operation: HandshakeAllThreads (Deoptimize) done
Event: 695.320 Executing non-safepoint VM operation: HandshakeAllThreads (Deoptimize)
Event: 695.320 Executing non-safepoint VM operation: HandshakeAllThreads (Deoptimize) done
Event: 695.322 Executing non-safepoint VM operation: HandshakeAllThreads (Deoptimize)
Event: 695.322 Executing non-safepoint VM operation: HandshakeAllThreads (Deoptimize) done
Event: 695.325 Executing non-safepoint VM operation: HandshakeAllThreads (Deoptimize)
Event: 695.325 Executing non-safepoint VM operation: HandshakeAllThreads (Deoptimize) done
Event: 695.328 Executing non-safepoint VM operation: HandshakeAllThreads (Deoptimize)
Event: 695.328 Executing non-safepoint VM operation: HandshakeAllThreads (Deoptimize) done
Event: 695.375 Executing safepoint VM operation: ParallelCollectForAllocation (Allocation Failure)
Event: 695.378 Executing safepoint VM operation: ParallelCollectForAllocation (Allocation Failure) done
Event: 695.446 Executing safepoint VM operation: PopulateDumpSharedSpace

Memory protections (0 events):
No events

Nmethod flushes (20 events):
Event: 9.459 Thread 0x000002696a5c8fb0 flushing  nmethod 0x000002690087f608
Event: 9.459 Thread 0x000002696a5c8fb0 flushing  nmethod 0x0000026900884088
Event: 9.459 Thread 0x000002696a5c8fb0 flushing  nmethod 0x0000026900888b08
Event: 9.459 Thread 0x000002696a5c8fb0 flushing  nmethod 0x0000026900889588
Event: 9.459 Thread 0x000002696a5c8fb0 flushing  nmethod 0x0000026900889a08
Event: 9.459 Thread 0x000002696a5c8fb0 flushing  nmethod 0x000002690088a008
Event: 9.459 Thread 0x000002696a5c8fb0 flushing  nmethod 0x000002690088aa08
Event: 9.459 Thread 0x000002696a5c8fb0 flushing  nmethod 0x000002690088ae08
Event: 9.459 Thread 0x000002696a5c8fb0 flushing  nmethod 0x000002690088c088
Event: 9.459 Thread 0x000002696a5c8fb0 flushing  nmethod 0x000002690088e988
Event: 9.459 Thread 0x000002696a5c8fb0 flushing  nmethod 0x00000269008a1888
Event: 9.459 Thread 0x000002696a5c8fb0 flushing  nmethod 0x00000269008a2988
Event: 9.459 Thread 0x000002696a5c8fb0 flushing  nmethod 0x00000269008a2e08
Event: 9.459 Thread 0x000002696a5c8fb0 flushing  nmethod 0x00000269008a3608
Event: 9.459 Thread 0x000002696a5c8fb0 flushing  nmethod 0x00000269008d5f88
Event: 9.459 Thread 0x000002696a5c8fb0 flushing  nmethod 0x00000269008e5488
Event: 9.459 Thread 0x000002696a5c8fb0 flushing  nmethod 0x000002690090f608
Event: 9.459 Thread 0x000002696a5c8fb0 flushing  nmethod 0x000002690092a288
Event: 9.459 Thread 0x000002696a5c8fb0 flushing  nmethod 0x0000026900942688
Event: 9.459 Thread 0x000002696a5c8fb0 flushing  nmethod 0x0000026900946788

Events (20 events):
Event: 694.603 Thread 0x0000026910aa1d20 Thread added: 0x0000026910aa24f0
Event: 694.606 Thread 0x0000026910aa24f0 Thread exited: 0x0000026910aa24f0
Event: 694.622 Thread 0x000002696a54add0 Thread added: 0x0000026910a9cf00
Event: 694.651 Thread 0x0000026977193180 Thread added: 0x0000026910462800
Event: 694.722 Thread 0x0000026910aa1d20 Thread added: 0x0000026910aa3c60
Event: 695.221 Thread 0x000002697e0bb480 Thread exited: 0x000002697e0bb480
Event: 695.299 Thread 0x000002697dd9c160 Thread exited: 0x000002697dd9c160
Event: 695.299 Thread 0x0000026910aa3c60 Thread exited: 0x0000026910aa3c60
Event: 695.299 Thread 0x000002697db33390 Thread exited: 0x000002697db33390
Event: 695.299 Thread 0x0000026910aa1d20 Thread exited: 0x0000026910aa1d20
Event: 695.301 Thread 0x000002697dd9d8d0 Thread exited: 0x000002697dd9d8d0
Event: 695.306 Thread 0x000002697dd9a9f0 Thread exited: 0x000002697dd9a9f0
Event: 695.306 Thread 0x000002697d63b360 Thread exited: 0x000002697d63b360
Event: 695.306 Thread 0x000002697d63ea10 Thread exited: 0x000002697d63ea10
Event: 695.306 Thread 0x000002697d63e240 Thread exited: 0x000002697d63e240
Event: 695.306 Thread 0x000002697d63bb30 Thread exited: 0x000002697d63bb30
Event: 695.311 Thread 0x0000026910a9cf00 Thread exited: 0x0000026910a9cf00
Event: 695.311 Thread 0x000002696a54add0 Thread added: 0x0000026910aa3c60
Event: 695.311 Thread 0x0000026910aa3c60 Thread exited: 0x0000026910aa3c60
Event: 695.312 Thread 0x000002696a54add0 Before exit entered


Dynamic libraries:
0x00007ff720a30000 - 0x00007ff720a40000 	C:\Program Files\Java\jdk-25\bin\java.exe
0x00007ffbc3530000 - 0x00007ffbc3748000 	C:\WINDOWS\SYSTEM32\ntdll.dll
0x00007ffbc1f20000 - 0x00007ffbc1fe4000 	C:\WINDOWS\System32\KERNEL32.DLL
0x00007ffbc08d0000 - 0x00007ffbc0ca3000 	C:\WINDOWS\System32\KERNELBASE.dll
0x00007ffbbd150000 - 0x00007ffbbd1e7000 	C:\WINDOWS\SYSTEM32\apphelp.dll
0x00007ffbc0670000 - 0x00007ffbc0781000 	C:\WINDOWS\System32\ucrtbase.dll
0x00007ffbbb540000 - 0x00007ffbbb557000 	C:\Program Files\Java\jdk-25\bin\jli.dll
0x00007ffbc19e0000 - 0x00007ffbc1b92000 	C:\WINDOWS\System32\USER32.dll
0x00007ffbc0640000 - 0x00007ffbc0666000 	C:\WINDOWS\System32\win32u.dll
0x00007ffbc1d30000 - 0x00007ffbc1d59000 	C:\WINDOWS\System32\GDI32.dll
0x00007ffbc0f50000 - 0x00007ffbc106b000 	C:\WINDOWS\System32\gdi32full.dll
0x00007ffbc1130000 - 0x00007ffbc11ca000 	C:\WINDOWS\System32\msvcp_win.dll
0x00007ffbb8f70000 - 0x00007ffbb8f8e000 	C:\Program Files\Java\jdk-25\bin\VCRUNTIME140.dll
0x00007ffbbf820000 - 0x00007ffbbfabc000 	C:\WINDOWS\WinSxS\amd64_microsoft.windows.common-controls_6595b64144ccf1df_6.0.22621.6060_none_2712eda17382d24b\COMCTL32.dll
0x00007ffbc11d0000 - 0x00007ffbc1277000 	C:\WINDOWS\System32\msvcrt.dll
0x00007ffbc2a60000 - 0x00007ffbc2a91000 	C:\WINDOWS\System32\IMM32.DLL
0x000000006f1b0000 - 0x000000006f1bc000 	C:\Program Files (x86)\360\Total Security\safemon\SafeWrapper.dll
0x00007ffbc3080000 - 0x00007ffbc3131000 	C:\WINDOWS\System32\ADVAPI32.dll
0x00007ffbc1d80000 - 0x00007ffbc1e28000 	C:\WINDOWS\System32\sechost.dll
0x00007ffbc0f20000 - 0x00007ffbc0f48000 	C:\WINDOWS\System32\bcrypt.dll
0x00007ffbc2b10000 - 0x00007ffbc2c28000 	C:\WINDOWS\System32\RPCRT4.dll
0x00007ffb52e20000 - 0x00007ffb52ecc000 	C:\Program Files (x86)\360\Total Security\safemon\libzdtp64.dll
0x00007ffbc2010000 - 0x00007ffbc28ac000 	C:\WINDOWS\System32\SHELL32.dll
0x00007ffbc0790000 - 0x00007ffbc08cf000 	C:\WINDOWS\System32\wintypes.dll
0x00007ffbc2c30000 - 0x00007ffbc2fc1000 	C:\WINDOWS\System32\combase.dll
0x00007ffbc2aa0000 - 0x00007ffbc2b09000 	C:\WINDOWS\System32\SHLWAPI.dll
0x00007ffbbff40000 - 0x00007ffbbff4a000 	C:\WINDOWS\SYSTEM32\VERSION.dll
0x00007ffbbfdf0000 - 0x00007ffbbfdfc000 	C:\Program Files\Java\jdk-25\bin\vcruntime140_1.dll
0x00007ffb4f8f0000 - 0x00007ffb4f97d000 	C:\Program Files\Java\jdk-25\bin\msvcp140.dll
0x00007ffb0f290000 - 0x00007ffb100ef000 	C:\Program Files\Java\jdk-25\bin\server\jvm.dll
0x00007ffbc1ea0000 - 0x00007ffbc1f11000 	C:\WINDOWS\System32\WS2_32.dll
0x00007ffbbfee0000 - 0x00007ffbbff2d000 	C:\WINDOWS\SYSTEM32\POWRPROF.dll
0x00007ffbb7e80000 - 0x00007ffbb7eb4000 	C:\WINDOWS\SYSTEM32\WINMM.dll
0x00007ffbbfbf0000 - 0x00007ffbbfc03000 	C:\WINDOWS\SYSTEM32\UMPDC.dll
0x00007ffbbed60000 - 0x00007ffbbed78000 	C:\WINDOWS\SYSTEM32\kernel.appcore.dll
0x00007ffbbd0b0000 - 0x00007ffbbd0ba000 	C:\Program Files\Java\jdk-25\bin\jimage.dll
0x00007ffbbff50000 - 0x00007ffbc0183000 	C:\WINDOWS\SYSTEM32\DBGHELP.DLL
0x00007ffbc1900000 - 0x00007ffbc19d8000 	C:\WINDOWS\System32\OLEAUT32.dll
0x00007ffbbfdb0000 - 0x00007ffbbfde2000 	C:\WINDOWS\SYSTEM32\dbgcore.DLL
0x00007ffbc0cb0000 - 0x00007ffbc0d2b000 	C:\WINDOWS\System32\bcryptPrimitives.dll
0x00007ffbbaac0000 - 0x00007ffbbaad0000 	C:\Program Files\Java\jdk-25\bin\instrument.dll
0x00007ffbad1d0000 - 0x00007ffbad1ef000 	C:\Program Files\Java\jdk-25\bin\java.dll
0x00007ffbc12d0000 - 0x00007ffbc1471000 	C:\WINDOWS\System32\ole32.dll
0x00007ffbad120000 - 0x00007ffbad137000 	C:\Program Files\Java\jdk-25\bin\zip.dll
0x00007ffbbda90000 - 0x00007ffbbe3aa000 	C:\WINDOWS\SYSTEM32\windows.storage.dll
0x00007ffbc28c0000 - 0x00007ffbc29c4000 	C:\WINDOWS\System32\SHCORE.dll
0x00007ffbc0570000 - 0x00007ffbc0595000 	C:\WINDOWS\SYSTEM32\profapi.dll
0x00007ffbab080000 - 0x00007ffbab092000 	C:\Program Files\Java\jdk-25\bin\net.dll
0x00007ffbbf1f0000 - 0x00007ffbbf259000 	C:\WINDOWS\system32\mswsock.dll
0x00007ffbaafb0000 - 0x00007ffbaafc6000 	C:\Program Files\Java\jdk-25\bin\nio.dll
0x00007ffbac2b0000 - 0x00007ffbac2c0000 	C:\Program Files\Java\jdk-25\bin\verify.dll
0x00007ffb848c0000 - 0x00007ffb84904000 	C:\Users\P R E D A T O R\AppData\Roaming\Code\User\globalStorage\redhat.java\1.50.2025112208\config_win\org.eclipse.equinox.launcher\org.eclipse.equinox.launcher.win32.win32.x86_64_1.2.1400.v20250801-0854\eclipse_11916.dll
0x00007ffbac060000 - 0x00007ffbac06a000 	C:\Program Files\Java\jdk-25\bin\management.dll
0x00007ffba6c70000 - 0x00007ffba6c7c000 	C:\Program Files\Java\jdk-25\bin\management_ext.dll
0x00007ffbc1ba0000 - 0x00007ffbc1ba8000 	C:\WINDOWS\System32\PSAPI.DLL
0x00007ffbc0290000 - 0x00007ffbc02ab000 	C:\WINDOWS\SYSTEM32\CRYPTSP.dll
0x00007ffbbf2b0000 - 0x00007ffbbf2e7000 	C:\WINDOWS\system32\rsaenh.dll
0x00007ffbbf320000 - 0x00007ffbbf348000 	C:\WINDOWS\SYSTEM32\USERENV.dll
0x00007ffbbf660000 - 0x00007ffbbf66c000 	C:\WINDOWS\SYSTEM32\CRYPTBASE.dll
0x00007ffbbe880000 - 0x00007ffbbe8ad000 	C:\WINDOWS\SYSTEM32\IPHLPAPI.DLL
0x00007ffbc2a50000 - 0x00007ffbc2a59000 	C:\WINDOWS\System32\NSI.dll
0x00007ffbad210000 - 0x00007ffbad259000 	C:\Users\P R E D A T O R\AppData\Local\Temp\jna-1599873473\jna16847792084622195420.dll
0x00007ffbb80b0000 - 0x00007ffbb81dc000 	C:\WINDOWS\SYSTEM32\winhttp.dll
0x00007ffbb7e60000 - 0x00007ffbb7e79000 	C:\WINDOWS\SYSTEM32\dhcpcsvc6.DLL
0x00007ffbb7e40000 - 0x00007ffbb7e5f000 	C:\WINDOWS\SYSTEM32\dhcpcsvc.DLL
0x00007ffbad200000 - 0x00007ffbad20e000 	C:\Program Files\Java\jdk-25\bin\sunmscapi.dll
0x00007ffbc0db0000 - 0x00007ffbc0f18000 	C:\WINDOWS\System32\CRYPT32.dll
0x00007ffbbf7f0000 - 0x00007ffbbf81e000 	C:\WINDOWS\SYSTEM32\ncrypt.dll
0x00007ffbbf7b0000 - 0x00007ffbbf7e7000 	C:\WINDOWS\SYSTEM32\NTASN1.dll
0x00007ffbbe8b0000 - 0x00007ffbbe9a8000 	C:\WINDOWS\SYSTEM32\DNSAPI.dll
0x00007ffbb76e0000 - 0x00007ffbb76ea000 	C:\Windows\System32\rasadhlp.dll
0x00007ffbb7750000 - 0x00007ffbb77d4000 	C:\WINDOWS\System32\fwpuclnt.dll
0x00007ffbad1f0000 - 0x00007ffbad1f9000 	C:\Program Files\Java\jdk-25\bin\extnet.dll
0x00007ffbbfe80000 - 0x00007ffbbfeb4000 	C:\WINDOWS\SYSTEM32\ntmarta.dll

JVMTI agents:
c:\Users\P R E D A T O R\.vscode\extensions\redhat.java-1.50.2025112208\lombok\lombok-1.18.39-4050.jar path:C:\Program Files\Java\jdk-25\bin\instrument.dll, loaded, initialized, instrumentlib options:none

dbghelp: loaded successfully - version: 4.0.5 - missing functions: none
symbol engine: initialized successfully - sym options: 0x614 - pdb path: .;C:\Program Files\Java\jdk-25\bin;C:\WINDOWS\SYSTEM32;C:\WINDOWS\WinSxS\amd64_microsoft.windows.common-controls_6595b64144ccf1df_6.0.22621.6060_none_2712eda17382d24b;C:\Program Files (x86)\360\Total Security\safemon;C:\Program Files\Java\jdk-25\bin\server;C:\Users\P R E D A T O R\AppData\Roaming\Code\User\globalStorage\redhat.java\1.50.2025112208\config_win\org.eclipse.equinox.launcher\org.eclipse.equinox.launcher.win32.win32.x86_64_1.2.1400.v20250801-0854;C:\Users\P R E D A T O R\AppData\Local\Temp\jna-1599873473

VM Arguments:
jvm_args: -Djdk.xml.maxGeneralEntitySizeLimit=0 -Djdk.xml.totalEntitySizeLimit=0 --add-modules=ALL-SYSTEM --add-opens=java.base/java.util=ALL-UNNAMED --add-opens=java.base/java.lang=ALL-UNNAMED --add-opens=java.base/sun.nio.fs=ALL-UNNAMED -Declipse.application=org.eclipse.jdt.ls.core.id1 -Dosgi.bundles.defaultStartLevel=4 -Declipse.product=org.eclipse.jdt.ls.core.product -Djava.import.generatesMetadataFilesAtProjectRoot=false -DDetectVMInstallationsJob.disabled=true -Dfile.encoding=utf8 -XX:+UseParallelGC -XX:GCTimeRatio=4 -XX:AdaptiveSizePolicyWeight=90 -Dsun.zip.disableMemoryMapping=true -Xmx2G -Xms100m -Xlog:disable -javaagent:c:\Users\P R E D A T O R\.vscode\extensions\redhat.java-1.50.2025112208\lombok\lombok-1.18.39-4050.jar -XX:+HeapDumpOnOutOfMemoryError -XX:HeapDumpPath=c:\Users\P R E D A T O R\AppData\Roaming\Code\User\workspaceStorage\0c5856a25b6d5f104dff6b8f1a625425\redhat.java -Daether.dependencyCollector.impl=bf -XX:+UnlockDiagnosticVMOptions -XX:+AllowArchivingWithJavaAgent -XX:+AutoCreateSharedArchive -XX:SharedArchiveFile=c:\Users\P R E D A T O R\AppData\Roaming\Code\User\globalStorage\redhat.java\1.50.2025112208\jdtls.jsa 
java_command: c:\Users\P R E D A T O R\.vscode\extensions\redhat.java-1.50.2025112208\server\plugins\org.eclipse.equinox.launcher_1.7.100.v20251111-0406.jar -configuration c:\Users\P R E D A T O R\AppData\Roaming\Code\User\globalStorage\redhat.java\1.50.2025112208\config_win -data c:\Users\P R E D A T O R\AppData\Roaming\Code\User\workspaceStorage\0c5856a25b6d5f104dff6b8f1a625425\redhat.java\jdt_ws --pipe=\\.\pipe\lsp-0358304fbdabcd87838d71138ce68613-sock
java_class_path (initial): c:\Users\P R E D A T O R\.vscode\extensions\redhat.java-1.50.2025112208\server\plugins\org.eclipse.equinox.launcher_1.7.100.v20251111-0406.jar
Launcher Type: SUN_STANDARD

[Global flags]
     bool AOTInvokeDynamicLinking                  = false                                  {diagnostic} {ergonomic}
     bool AOTRecordTraining                        = false                                  {diagnostic} {ergonomic}
     bool AOTReplayTraining                        = false                                  {diagnostic} {ergonomic}
     uint AdaptiveSizePolicyWeight                 = 90                                        {product} {command line}
     bool AllowArchivingWithJavaAgent              = true                                   {diagnostic} {command line}
    ccstr ArchiveClassesAtExit                     = c:\Users\P R E D A T O R\AppData\Roaming\Code\User\globalStorage\redhat.java\1.50.2025112208\jdtls.jsa            {product} {ergonomic}
     bool AutoCreateSharedArchive                  = true                                      {product} {command line}
     intx CICompilerCount                          = 4                                         {product} {ergonomic}
     uint GCTimeRatio                              = 4                                         {product} {command line}
     bool HeapDumpOnOutOfMemoryError               = true                                   {manageable} {command line}
    ccstr HeapDumpPath                             = c:\Users\P R E D A T O R\AppData\Roaming\Code\User\workspaceStorage\0c5856a25b6d5f104dff6b8f1a625425\redhat.java         {manageable} {command line}
   size_t InitialHeapSize                          = 104857600                                 {product} {command line}
   size_t MaxHeapSize                              = 2147483648                                {product} {command line}
   size_t MaxNewSize                               = 715653120                                 {product} {ergonomic}
   size_t MinHeapDeltaBytes                        = 524288                                    {product} {ergonomic}
   size_t MinHeapSize                              = 104857600                                 {product} {command line}
   size_t NewSize                                  = 34603008                                  {product} {ergonomic}
    uintx NonNMethodCodeHeapSize                   = 5832704                                {pd product} {ergonomic}
    uintx NonProfiledCodeHeapSize                  = 122945536                              {pd product} {ergonomic}
    uintx ProfiledCodeHeapSize                     = 122880000                              {pd product} {ergonomic}
    uintx ReservedCodeCacheSize                    = 251658240                              {pd product} {ergonomic}
     bool SegmentedCodeCache                       = true                                      {product} {ergonomic}
    ccstr SharedArchiveFile                        =                                           {product} {command line, ergonomic}
   size_t SoftMaxHeapSize                          = 2147483648                             {manageable} {ergonomic}
     bool UnlockDiagnosticVMOptions                = true                                   {diagnostic} {command line}
     bool UseCompressedOops                        = true                           {product lp64_product} {ergonomic}
     bool UseLargePagesIndividualAllocation        = false                                  {pd product} {ergonomic}
     bool UseParallelGC                            = true                                      {product} {command line}
      int X86ICacheSync                            = 2                                 {ARCH diagnostic} {ergonomic}

Logging:
Log output configuration:
 #0: stdout all=off uptime,level,tags foldmultilines=false
 #1: stderr all=off uptime,level,tags foldmultilines=false

Release file:
IMPLEMENTOR="Oracle Corporation" 
JAVA_RUNTIME_VERSION="25.0.1+8-LTS-27" 
JAVA_VERSION="25.0.1" 
JAVA_VERSION_DATE="2025-10-21" 
LIBC="default" 
MODULES="java.base java.compiler java.datatransfer java.xml java.prefs java.desktop java.instrument java.logging java.management java.security.sasl java.naming java.rmi java.management.rmi java.net.http java.scripting java.security.jgss java.transaction.xa java.sql java.sql.rowset java.xml.crypto java.se java.smartcardio jdk.accessibility jdk.internal.jvmstat jdk.attach jdk.charsets jdk.internal.opt jdk.zipfs jdk.compiler jdk.crypto.cryptoki jdk.crypto.ec jdk.crypto.mscapi jdk.dynalink jdk.internal.ed jdk.editpad jdk.internal.vm.ci jdk.graal.compiler jdk.graal.compiler.management jdk.hotspot.agent jdk.httpserver jdk.incubator.vector jdk.internal.le jdk.internal.md jdk.jartool jdk.javadoc jdk.jcmd jdk.management jdk.management.agent jdk.jconsole jdk.jdeps jdk.jdwp.agent jdk.jdi jdk.jfr jdk.jlink jdk.jpackage jdk.jshell jdk.jsobject jdk.jstatd jdk.localedata jdk.management.jfr jdk.naming.dns jdk.naming.rmi jdk.net jdk.nio.mapmode jdk.sctp jdk.security.auth jdk.security.jgss jdk.unsupported jdk.unsupported.desktop jdk.xml.dom" 
OS_ARCH="x86_64" 
OS_NAME="Windows" 
SOURCE=".:git:862c85bc42b7 open:git:78770bfaefd2" 

Environment Variables:
PATH=C:\Program Files\Common Files\Oracle\Java\javapath;C:\Program Files (x86)\Common Files\Oracle\Java\java8path;C:\Program Files (x86)\Common Files\Oracle\Java\javapath;C:\Program Files (x86)\Razer Chroma SDK\bin;C:\Program Files\Razer Chroma SDK\bin;C:\Program Files (x86)\Razer\ChromaBroadcast\bin;C:\Program Files\Razer\ChromaBroadcast\bin;C:\ProgramData\Oracle\Java\javapath;C:\Windows\system32;C:\Windows;C:\Windows\System32\Wbem;C:\Windows\System32\WindowsPowerShell\v1.0\;C:\Windows\System32\OpenSSH\;C:\Program Files (x86)\NVIDIA Corporation\PhysX\Common;C:\Program Files\NVIDIA Corporation\NVIDIA NvDLISR;C:\Program Files (x86)\Skype\Phone\;C:\Windows\system32\config\systemprofile\AppData\Local\Microsoft\WindowsApps;C:\WINDOWS\system32;C:\WINDOWS;C:\WINDOWS\System32\Wbem;C:\WINDOWS\System32\WindowsPowerShell\v1.0\;C:\WINDOWS\System32\OpenSSH\;C:\Program Files\Git\cmd;D:\Documents\Downloads\apache-maven-3.9.11\bin;C:\Users\P R E D A T O R\AppData\Local\Microsoft\WindowsApps;C:\Users\P R E D A T O R\AppData\Local\Programs\Microsoft VS Code\bin;C:\msys64\ucrt64\bin;
USERNAME=P R E D A T O R
OS=Windows_NT
PROCESSOR_IDENTIFIER=Intel64 Family 6 Model 165 Stepping 2, GenuineIntel
TMP=C:\Users\PREDAT~1\AppData\Local\Temp
TEMP=C:\Users\PREDAT~1\AppData\Local\Temp




Compilation memory statistics disabled.

Periodic native trim disabled

---------------  S Y S T E M  ---------------

OS:
 Windows 11 , 64 bit Build 22621 (10.0.22621.5415)
OS uptime: 0 days 21:14 hours

CPU: total 8 (initial active 8) (4 cores per cpu, 2 threads per core) family 6 model 165 stepping 2 microcode 0xe2, cx8, cmov, fxsr, ht, mmx, 3dnowpref, sse, sse2, sse3, ssse3, sse4.1, sse4.2, popcnt, lzcnt, tsc, tscinvbit, avx, avx2, aes, erms, clmul, bmi1, bmi2, adx, fma, vzeroupper, clflush, clflushopt, rdtscp, f16c, pku
Processor Information for the first 8 processors :
  Max Mhz: 2496, Current Mhz: 2496, Mhz Limit: 2496

Memory: 4k page, system-wide physical 32599M (15878M free)
TotalPageFile size 43351M (AvailPageFile size 22290M)
current process WorkingSet (physical memory assigned to process): 939M, peak: 939M
current process commit charge ("private bytes"): 866M, peak: 866M

vm_info: Java HotSpot(TM) 64-Bit Server VM (25.0.1+8-LTS-27) for windows-amd64 JRE (25.0.1+8-LTS-27), built on 2025-09-25T16:41:16Z with unknown MS VC++:1943

END.
